2D-Map
MinPos: -11676 -4389
MaxPos: 5164 26511
NumPoints: 23181
LineMinPos: -11682 -4183
LineMaxPos: 5213 26519
NumLines: 243
MapInfo: SectorType Name=Sim.BoxObstacle "Label=Sim.BoxObstacle" "Desc=Movable box for the simulator" Shape=Plain "Color0=0x00FF00" "Color2=0x000000"
MapInfo: DockType Name=DockPatrolBot "Label=PatrolBot dock" TaskListCount=8 TaskListIds=DockForcedDock|DockIdleDock|DockRequestedDock|DockDrivingToDock|DockDrivingIntoDock|DockDocked|DockUndocking|DockUndocked "TaskListLabels=Forced dock|Idle dock|Requested dock|Driving to dock|Driving into dock|Docked|Undocking|Undocked" TaskClasses=Instant NameRequired=1
MapInfo: DockType Name=DockPioneer "Label=Pioneer dock" TaskListCount=8 TaskListIds=DockForcedDock|DockIdleDock|DockRequestedDock|DockDrivingToDock|DockDrivingIntoDock|DockDocked|DockUndocking|DockUndocked "TaskListLabels=Forced dock|Idle dock|Requested dock|Driving to dock|Driving into dock|Docked|Undocking|Undocked" TaskClasses=Instant NameRequired=1
Cairn: Sim.BoxObstacle 0 0 0 "" ICON "" -5925 13406 -5425 13906
Cairn: Sim.BoxObstacle 0 0 0 "" ICON "" -5024 13848 -4524 14348
Cairn: Sim.BoxObstacle 0 0 0 "" ICON "" -5317 12745 -5117 12945
Cairn: Sim.BoxObstacle 0 0 0 "" ICON "" -5031 15110 -4831 15310
Cairn: Sim.BoxObstacle 0 0 0 "" ICON "" -7981 15786 -6479 16118

